I'm sorry, but errors were detected in your script. Please correct the
errors listed below, and try again.


File "game/script.rpy", line 82: invalid syntax
            hide shroom
                       ^
    

Ren'Py Version: Ren'Py 7.4.11.2266
Sat Oct 22 17:41:52 2022
